
snap install nmap  # version 7.91, or
apt  install nmap  # version 7.80+dfsg1-2build1

See 'snap info nmap' for additional versions.

root@lamp-ubuntu-s-1vcpu-1gb-tor1-01:~# apt-get install nmap
Reading package lists... Done
Building dependency tree
Reading state information... Done
The following additional packages will be installed:
  libblas3 liblinear4 liblua5.3-0 lua-lpeg nmap-common
Suggested packages:
  liblinear-tools liblinear-dev ncat ndiff zenmap
The following NEW packages will be installed:
  libblas3 liblinear4 liblua5.3-0 lua-lpeg nmap nmap-common
0 upgraded, 6 newly installed, 0 to remove and 165 not upgraded.
Need to get 5669 kB of archives.
After this operation, 26.8 MB of additional disk space will be used.
Do you want to continue? [Y/n] y
Get:1 http://mirrors.digitalocean.com/ubuntu focal/main amd64 libblas3 amd64 3.9.0-1build1 [142 kB]
Get:2 http://mirrors.digitalocean.com/ubuntu focal/universe amd64 liblinear4 amd64 2.3.0+dfsg-3build1 [41.7 kB]
Get:3 http://mirrors.digitalocean.com/ubuntu focal/main amd64 liblua5.3-0 amd64 5.3.3-1.1ubuntu2 [116 kB]
Get:4 http://mirrors.digitalocean.com/ubuntu focal/universe amd64 lua-lpeg amd64 1.0.2-1 [31.4 kB]
Get:5 http://mirrors.digitalocean.com/ubuntu focal/universe amd64 nmap-common all 7.80+dfsg1-2build1 [3676 kB]
Get:6 http://mirrors.digitalocean.com/ubuntu focal/universe amd64 nmap amd64 7.80+dfsg1-2build1 [1662 kB]
Fetched 5669 kB in 1s (9857 kB/s)
Selecting previously unselected package libblas3:amd64.
(Reading database ... 98070 files and directories currently installed.)
Preparing to unpack .../0-libblas3_3.9.0-1build1_amd64.deb ...
Unpacking libblas3:amd64 (3.9.0-1build1) ...
Selecting previously unselected package liblinear4:amd64.
Preparing to unpack .../1-liblinear4_2.3.0+dfsg-3build1_amd64.deb ...
Unpacking liblinear4:amd64 (2.3.0+dfsg-3build1) ...
Selecting previously unselected package liblua5.3-0:amd64.
Preparing to unpack .../2-liblua5.3-0_5.3.3-1.1ubuntu2_amd64.deb ...
Unpacking liblua5.3-0:amd64 (5.3.3-1.1ubuntu2) ...
Selecting previously unselected package lua-lpeg:amd64.
Preparing to unpack .../3-lua-lpeg_1.0.2-1_amd64.deb ...
Unpacking lua-lpeg:amd64 (1.0.2-1) ...
Selecting previously unselected package nmap-common.
Preparing to unpack .../4-nmap-common_7.80+dfsg1-2build1_all.deb ...
Unpacking nmap-common (7.80+dfsg1-2build1) ...
Selecting previously unselected package nmap.
Preparing to unpack .../5-nmap_7.80+dfsg1-2build1_amd64.deb ...
Unpacking nmap (7.80+dfsg1-2build1) ...
Setting up lua-lpeg:amd64 (1.0.2-1) ...
Setting up libblas3:amd64 (3.9.0-1build1) ...
update-alternatives: using /usr/lib/x86_64-linux-gnu/blas/libblas.so.3 to provide /usr/lib/x86_64-linux-gnu/libblas.so.3 (libblas.so.3-x86_64-linux-gnu) in auto mode
Setting up nmap-common (7.80+dfsg1-2build1) ...
Setting up liblua5.3-0:amd64 (5.3.3-1.1ubuntu2) ...
Setting up liblinear4:amd64 (2.3.0+dfsg-3build1) ...
Setting up nmap (7.80+dfsg1-2build1) ...
Processing triggers for man-db (2.9.1-1) ...
Processing triggers for libc-bin (2.31-0ubuntu9) ...
root@lamp-ubuntu-s-1vcpu-1gb-tor1-01:~# nmap --version
Nmap version 7.80 ( https://nmap.org )
Platform: x86_64-pc-linux-gnu
Compiled with: liblua-5.3.3 openssl-1.1.1d nmap-libssh2-1.8.2 libz-1.2.11 libpcre-8.39 libpcap-1.9.1 nmap-libdnet-1.12 ipv6
Compiled without:
Available nsock engines: epoll poll select
root@lamp-ubuntu-s-1vcpu-1gb-tor1-01:~# nmap georgebrown.ca
Starting Nmap 7.80 ( https://nmap.org ) at 2021-01-25 01:33 UTC
Nmap scan report for georgebrown.ca (99.79.139.11)
Host is up (0.0084s latency).
rDNS record for 99.79.139.11: ec2-99-79-139-11.ca-central-1.compute.amazonaws.com
Not shown: 997 filtered ports
PORT    STATE SERVICE
22/tcp  open  ssh
80/tcp  open  http
443/tcp open  https

Nmap done: 1 IP address (1 host up) scanned in 16.03 seconds
root@lamp-ubuntu-s-1vcpu-1gb-tor1-01:~# nmap -p 3 hostname
Starting Nmap 7.80 ( https://nmap.org ) at 2021-01-25 01:34 UTC
Failed to resolve "hostname".
WARNING: No targets were specified, so 0 hosts scanned.
Nmap done: 0 IP addresses (0 hosts up) scanned in 0.04 seconds
root@lamp-ubuntu-s-1vcpu-1gb-tor1-01:~# nmap -p 1000 TCP georgebrown.ca
Starting Nmap 7.80 ( https://nmap.org ) at 2021-01-25 01:35 UTC
Failed to resolve "TCP".
Stats: 0:00:11 elapsed; 0 hosts completed (1 up), 1 undergoing SYN Stealth Scan
SYN Stealth Scan Timing: About 50.00% done; ETC: 01:35 (0:00:00 remaining)
Nmap scan report for georgebrown.ca (99.79.139.11)
Host is up (0.0088s latency).
rDNS record for 99.79.139.11: ec2-99-79-139-11.ca-central-1.compute.amazonaws.com

PORT     STATE    SERVICE
1000/tcp filtered cadlock

Nmap done: 1 IP address (1 host up) scanned in 11.30 seconds
root@lamp-ubuntu-s-1vcpu-1gb-tor1-01:~# nmap -p 1000- 2000 georgebrown.ca
Starting Nmap 7.80 ( https://nmap.org ) at 2021-01-25 01:36 UTC
Stats: 0:00:05 elapsed; 0 hosts completed (0 up), 2 undergoing Ping Scan
Parallel DNS resolution of 2 hosts. Timing: About 0.00% done
Stats: 0:00:14 elapsed; 1 hosts completed (1 up), 1 undergoing SYN Stealth Scan
SYN Stealth Scan Timing: About 0.60% done
Stats: 0:00:19 elapsed; 1 hosts completed (1 up), 1 undergoing SYN Stealth Scan
SYN Stealth Scan Timing: About 3.62% done; ETC: 01:40 (0:03:07 remaining)
Stats: 0:00:21 elapsed; 1 hosts completed (1 up), 1 undergoing SYN Stealth Scan
SYN Stealth Scan Timing: About 5.06% done; ETC: 01:39 (0:02:49 remaining)
Stats: 0:00:22 elapsed; 1 hosts completed (1 up), 1 undergoing SYN Stealth Scan
SYN Stealth Scan Timing: About 5.55% done; ETC: 01:39 (0:02:50 remaining)
Stats: 0:00:23 elapsed; 1 hosts completed (1 up), 1 undergoing SYN Stealth Scan
SYN Stealth Scan Timing: About 6.06% done; ETC: 01:39 (0:02:50 remaining)
Stats: 0:00:23 elapsed; 1 hosts completed (1 up), 1 undergoing SYN Stealth Scan
SYN Stealth Scan Timing: About 6.34% done; ETC: 01:39 (0:02:42 remaining)
Stats: 0:00:23 elapsed; 1 hosts completed (1 up), 1 undergoing SYN Stealth Scan
SYN Stealth Scan Timing: About 6.57% done; ETC: 01:39 (0:02:36 remaining)
Stats: 0:00:24 elapsed; 1 hosts completed (1 up), 1 undergoing SYN Stealth Scan
SYN Stealth Scan Timing: About 6.77% done; ETC: 01:39 (0:02:45 remaining)
Stats: 0:00:24 elapsed; 1 hosts completed (1 up), 1 undergoing SYN Stealth Scan
SYN Stealth Scan Timing: About 6.95% done; ETC: 01:39 (0:02:41 remaining)
Stats: 0:00:24 elapsed; 1 hosts completed (1 up), 1 undergoing SYN Stealth Scan
SYN Stealth Scan Timing: About 7.07% done; ETC: 01:39 (0:02:38 remaining)
Stats: 0:00:24 elapsed; 1 hosts completed (1 up), 1 undergoing SYN Stealth Scan
SYN Stealth Scan Timing: About 7.19% done; ETC: 01:39 (0:02:35 remaining)
Stats: 0:00:25 elapsed; 1 hosts completed (1 up), 1 undergoing SYN Stealth Scan
SYN Stealth Scan Timing: About 7.32% done; ETC: 01:39 (0:02:32 remaining)
Stats: 0:00:25 elapsed; 1 hosts completed (1 up), 1 undergoing SYN Stealth Scan
SYN Stealth Scan Timing: About 7.45% done; ETC: 01:39 (0:02:41 remaining)
Stats: 0:00:25 elapsed; 1 hosts completed (1 up), 1 undergoing SYN Stealth Scan
SYN Stealth Scan Timing: About 7.72% done; ETC: 01:39 (0:02:35 remaining)
Stats: 0:00:26 elapsed; 1 hosts completed (1 up), 1 undergoing SYN Stealth Scan
SYN Stealth Scan Timing: About 8.05% done; ETC: 01:39 (0:02:40 remaining)

root@lamp-ubuntu-s-1vcpu-1gb-tor1-01:~# nmap -F georgebrown.ca
Starting Nmap 7.80 ( https://nmap.org ) at 2021-01-25 01:37 UTC
Nmap scan report for georgebrown.ca (99.79.139.11)
Host is up (0.0084s latency).
rDNS record for 99.79.139.11: ec2-99-79-139-11.ca-central-1.compute.amazonaws.com
Not shown: 97 filtered ports
PORT    STATE SERVICE
22/tcp  open  ssh
80/tcp  open  http
443/tcp open  https

Nmap done: 1 IP address (1 host up) scanned in 12.70 seconds
root@lamp-ubuntu-s-1vcpu-1gb-tor1-01:~#
